2025-03-07 22:29:58,162 - INFO - Browser Opened successfully
2025-03-07 22:30:00,577 - INFO - Website Opened successfully
2025-03-07 22:30:00,577 - INFO - Search field clicked successfully
2025-03-07 22:30:00,743 - INFO - Finding Search input Element
2025-03-07 22:30:00,785 - INFO - entered porduce name successfully
2025-03-07 22:30:00,785 - INFO - finding search button
2025-03-07 22:30:01,052 - INFO - search button clicked successfully
2025-03-07 22:30:01,052 - INFO - finding product link
2025-03-07 22:30:02,466 - INFO - product link clicked successfully
2025-03-07 22:30:05,860 - INFO - finding add to cart button
2025-03-07 22:30:06,210 - INFO - Add to cart button clicked successfully
2025-03-07 22:30:06,210 - INFO - finding cary details tab close button
2025-03-07 22:30:07,837 - INFO - Cart details tab closed successfully
2025-03-07 22:30:07,877 - INFO - Search field clicked successfully
2025-03-07 22:30:08,083 - INFO - Finding Search input Element
2025-03-07 22:30:08,214 - INFO - entered porduce name successfully
2025-03-07 22:30:08,214 - INFO - finding search button
2025-03-07 22:30:08,530 - INFO - search button clicked successfully
2025-03-07 22:30:08,530 - INFO - finding product link
2025-03-07 22:30:09,828 - INFO - product link clicked successfully
2025-03-07 22:30:13,232 - INFO - finding add to cart button
2025-03-07 22:30:13,643 - INFO - Add to cart button clicked successfully
2025-03-07 22:30:13,643 - INFO - finding cary details tab close button
2025-03-07 22:30:15,281 - INFO - Cart details tab closed successfully
